<?xml version='1.0' encoding='UTF-8'?>
<caom2:Observation xmlns:caom2="http://www.opencadc.org/caom2/xml/v2.4" xmlns:xsi="http://www.w3.org/2001/XMLSchema-instance" xsi:type="caom2:SimpleObservation" caom2:id="536dc4a8-cae5-4dc1-ab8c-a720f4135eb4" caom2:metaProducer="brite2caom2/0.1.0">
  <caom2:collection>BRITE-Constellation</caom2:collection>
  <caom2:observationID>HD36486_48-OriTau-II-2019_BTr_1_5_A</caom2:observationID>
  <caom2:metaRelease>2022-10-26T20:28:35.155</caom2:metaRelease>
  <caom2:algorithm>
    <caom2:name>exposure</caom2:name>
  </caom2:algorithm>
  <caom2:type>object</caom2:type>
  <caom2:intent>science</caom2:intent>
  <caom2:target>
    <caom2:name>HD36486</caom2:name>
    <caom2:standard>false</caom2:standard>
  </caom2:target>
  <caom2:telescope>
    <caom2:name>BRITE-Toronto</caom2:name>
  </caom2:telescope>
  <caom2:instrument>
    <caom2:name>BRITE-Toronto</caom2:name>
  </caom2:instrument>
  <caom2:planes>
    <caom2:plane caom2:id="4ba75524-1545-4157-b8bb-4503400ad80b" caom2:metaProducer="brite2caom2/0.1.0">
      <caom2:productID>timeseries</caom2:productID>
      <caom2:metaRelease>2022-10-26T20:28:35.155</caom2:metaRelease>
      <caom2:dataRelease>2022-10-26T20:28:35.155</caom2:dataRelease>
      <caom2:dataProductType>timeseries</caom2:dataProductType>
      <caom2:calibrationLevel>2</caom2:calibrationLevel>
      <caom2:provenance>
        <caom2:name>BRITE Specific Aperture Photometry - chopping mode</caom2:name>
        <caom2:version>APa3s2chop</caom2:version>
        <caom2:project>BRITE-Constellation Nano-Satellites for Astrophysics</caom2:project>
        <caom2:producer>Adam Popowicz&lt;Adam.Popowicz@polsl.pl&gt;</caom2:producer>
        <caom2:runID>DR5</caom2:runID>
        <caom2:reference>http://brite-wiki.astro.uni.wroc.pl/bwiki/doku.php?id=start</caom2:reference>
      </caom2:provenance>
      <caom2:artifacts>
        <caom2:artifact caom2:id="f68a84bb-c4be-4203-817d-c8867d6a45f9" caom2:metaProducer="brite2caom2/0.1.0">
          <caom2:uri>cadc:BRITE-Constellation/HD36486_48-OriTau-II-2019_BTr_1_5_A.avedb</caom2:uri>
          <caom2:productType>science</caom2:productType>
          <caom2:releaseType>data</caom2:releaseType>
          <caom2:contentType>text/plain</caom2:contentType>
          <caom2:contentLength>46334</caom2:contentLength>
          <caom2:contentChecksum>md5:4cef5c7701f37436c9ec8437597019ef</caom2:contentChecksum>
          <caom2:parts>
            <caom2:part caom2:id="2c2e0db8-aeeb-4284-b500-20691a5cb14d">
              <caom2:name>0</caom2:name>
              <caom2:chunks>
                <caom2:chunk caom2:id="97518e59-b1d0-45c8-ad53-f37b27ddd42c" caom2:metaProducer="brite2caom2/0.1.0">
                  <caom2:position>
                    <caom2:axis>
                      <caom2:axis1>
                        <caom2:ctype>RA---TAN</caom2:ctype>
                        <caom2:cunit>deg</caom2:cunit>
                      </caom2:axis1>
                      <caom2:axis2>
                        <caom2:ctype>DEC--TAN</caom2:ctype>
                        <caom2:cunit>deg</caom2:cunit>
                      </caom2:axis2>
                      <caom2:function>
                        <caom2:dimension>
                          <caom2:naxis1>1</caom2:naxis1>
                          <caom2:naxis2>1</caom2:naxis2>
                        </caom2:dimension>
                        <caom2:refCoord>
                          <caom2:coord1>
                            <caom2:pix>1.0</caom2:pix>
                            <caom2:val>83.001667056</caom2:val>
                          </caom2:coord1>
                          <caom2:coord2>
                            <caom2:pix>1.0</caom2:pix>
                            <caom2:val>-0.299095107</caom2:val>
                          </caom2:coord2>
                        </caom2:refCoord>
                        <caom2:cd11>0.0375</caom2:cd11>
                        <caom2:cd12>0.0</caom2:cd12>
                        <caom2:cd21>0.0</caom2:cd21>
                        <caom2:cd22>0.0375</caom2:cd22>
                      </caom2:function>
                    </caom2:axis>
                    <caom2:coordsys>ICRS</caom2:coordsys>
                  </caom2:position>
                  <caom2:energy>
                    <caom2:axis>
                      <caom2:axis>
                        <caom2:ctype>WAVE</caom2:ctype>
                        <caom2:cunit>m</caom2:cunit>
                      </caom2:axis>
                      <caom2:range>
                        <caom2:start>
                          <caom2:pix>0.5</caom2:pix>
                          <caom2:val>5.4e-07</caom2:val>
                        </caom2:start>
                        <caom2:end>
                          <caom2:pix>1.5</caom2:pix>
                          <caom2:val>7e-07</caom2:val>
                        </caom2:end>
                      </caom2:range>
                    </caom2:axis>
                    <caom2:specsys>TOPOCENT</caom2:specsys>
                    <caom2:bandpassName>Red</caom2:bandpassName>
                    <caom2:resolvingPower>3.8750000000000018</caom2:resolvingPower>
                  </caom2:energy>
                  <caom2:time>
                    <caom2:axis>
                      <caom2:axis>
                        <caom2:ctype>TIME</caom2:ctype>
                        <caom2:cunit>d</caom2:cunit>
                      </caom2:axis>
                      <caom2:range>
                        <caom2:start>
                          <caom2:pix>0.5</caom2:pix>
                          <caom2:val>58749.098852999974</caom2:val>
                        </caom2:start>
                        <caom2:end>
                          <caom2:pix>1.5</caom2:pix>
                          <caom2:val>58823.002466999926</caom2:val>
                        </caom2:end>
                      </caom2:range>
                    </caom2:axis>
                    <caom2:timesys>UTC</caom2:timesys>
                    <caom2:exposure>0.2</caom2:exposure>
                  </caom2:time>
                </caom2:chunk>
              </caom2:chunks>
            </caom2:part>
          </caom2:parts>
        </caom2:artifact>
        <caom2:artifact caom2:id="18ce9bb9-e073-4159-8f35-02aa1291bf7e" caom2:metaProducer="brite2caom2/0.1.0">
          <caom2:uri>cadc:BRITE-Constellation/HD36486_48-OriTau-II-2019_BTr_1_5_A.freq0db</caom2:uri>
          <caom2:productType>info</caom2:productType>
          <caom2:releaseType>data</caom2:releaseType>
          <caom2:contentType>text/plain</caom2:contentType>
          <caom2:contentLength>1862</caom2:contentLength>
          <caom2:contentChecksum>md5:43b0fd10fe3def170eead26a8c7d6e93</caom2:contentChecksum>
          <caom2:parts>
            <caom2:part caom2:id="5cf9d085-26d5-435a-ac8a-eca5939edbc1">
              <caom2:name>0</caom2:name>
              <caom2:chunks>
                <caom2:chunk caom2:id="19c2cb44-09ed-41ac-8718-7ea73f69d47b" caom2:metaProducer="brite2caom2/0.1.0">
                  <caom2:position>
                    <caom2:axis>
                      <caom2:axis1>
                        <caom2:ctype>RA---TAN</caom2:ctype>
                        <caom2:cunit>deg</caom2:cunit>
                      </caom2:axis1>
                      <caom2:axis2>
                        <caom2:ctype>DEC--TAN</caom2:ctype>
                        <caom2:cunit>deg</caom2:cunit>
                      </caom2:axis2>
                      <caom2:function>
                        <caom2:dimension>
                          <caom2:naxis1>1</caom2:naxis1>
                          <caom2:naxis2>1</caom2:naxis2>
                        </caom2:dimension>
                        <caom2:refCoord>
                          <caom2:coord1>
                            <caom2:pix>1.0</caom2:pix>
                            <caom2:val>83.001667056</caom2:val>
                          </caom2:coord1>
                          <caom2:coord2>
                            <caom2:pix>1.0</caom2:pix>
                            <caom2:val>-0.299095107</caom2:val>
                          </caom2:coord2>
                        </caom2:refCoord>
                        <caom2:cd11>0.0375</caom2:cd11>
                        <caom2:cd12>0.0</caom2:cd12>
                        <caom2:cd21>0.0</caom2:cd21>
                        <caom2:cd22>0.0375</caom2:cd22>
                      </caom2:function>
                    </caom2:axis>
                    <caom2:coordsys>ICRS</caom2:coordsys>
                  </caom2:position>
                  <caom2:energy>
                    <caom2:axis>
                      <caom2:axis>
                        <caom2:ctype>WAVE</caom2:ctype>
                        <caom2:cunit>m</caom2:cunit>
                      </caom2:axis>
                      <caom2:range>
                        <caom2:start>
                          <caom2:pix>0.5</caom2:pix>
                          <caom2:val>5.4e-07</caom2:val>
                        </caom2:start>
                        <caom2:end>
                          <caom2:pix>1.5</caom2:pix>
                          <caom2:val>7e-07</caom2:val>
                        </caom2:end>
                      </caom2:range>
                    </caom2:axis>
                    <caom2:specsys>TOPOCENT</caom2:specsys>
                    <caom2:bandpassName>Red</caom2:bandpassName>
                    <caom2:resolvingPower>3.8750000000000018</caom2:resolvingPower>
                  </caom2:energy>
                  <caom2:time>
                    <caom2:axis>
                      <caom2:axis>
                        <caom2:ctype>TIME</caom2:ctype>
                        <caom2:cunit>d</caom2:cunit>
                      </caom2:axis>
                      <caom2:range>
                        <caom2:start>
                          <caom2:pix>0.5</caom2:pix>
                          <caom2:val>58749.098852999974</caom2:val>
                        </caom2:start>
                        <caom2:end>
                          <caom2:pix>1.5</caom2:pix>
                          <caom2:val>58823.002466999926</caom2:val>
                        </caom2:end>
                      </caom2:range>
                    </caom2:axis>
                    <caom2:timesys>UTC</caom2:timesys>
                    <caom2:exposure>0.2</caom2:exposure>
                  </caom2:time>
                </caom2:chunk>
              </caom2:chunks>
            </caom2:part>
          </caom2:parts>
        </caom2:artifact>
        <caom2:artifact caom2:id="32328757-fb3b-48f0-8db8-02a3a0c5f14e" caom2:metaProducer="brite2caom2/0.1.0">
          <caom2:uri>cadc:BRITE-Constellation/HD36486_48-OriTau-II-2019_BTr_1_5_A.ndatdb</caom2:uri>
          <caom2:productType>science</caom2:productType>
          <caom2:releaseType>data</caom2:releaseType>
          <caom2:contentType>text/plain</caom2:contentType>
          <caom2:contentLength>954568</caom2:contentLength>
          <caom2:contentChecksum>md5:db1936aeb74b8c0f30eef8baf5432a80</caom2:contentChecksum>
          <caom2:parts>
            <caom2:part caom2:id="219f5d43-888e-490e-b87e-05178a975ff1">
              <caom2:name>0</caom2:name>
              <caom2:chunks>
                <caom2:chunk caom2:id="d4efe431-6f3d-4e0b-8780-a1178bd7c637" caom2:metaProducer="brite2caom2/0.1.0">
                  <caom2:position>
                    <caom2:axis>
                      <caom2:axis1>
                        <caom2:ctype>RA---TAN</caom2:ctype>
                        <caom2:cunit>deg</caom2:cunit>
                      </caom2:axis1>
                      <caom2:axis2>
                        <caom2:ctype>DEC--TAN</caom2:ctype>
                        <caom2:cunit>deg</caom2:cunit>
                      </caom2:axis2>
                      <caom2:function>
                        <caom2:dimension>
                          <caom2:naxis1>1</caom2:naxis1>
                          <caom2:naxis2>1</caom2:naxis2>
                        </caom2:dimension>
                        <caom2:refCoord>
                          <caom2:coord1>
                            <caom2:pix>1.0</caom2:pix>
                            <caom2:val>83.001667056</caom2:val>
                          </caom2:coord1>
                          <caom2:coord2>
                            <caom2:pix>1.0</caom2:pix>
                            <caom2:val>-0.299095107</caom2:val>
                          </caom2:coord2>
                        </caom2:refCoord>
                        <caom2:cd11>0.0375</caom2:cd11>
                        <caom2:cd12>0.0</caom2:cd12>
                        <caom2:cd21>0.0</caom2:cd21>
                        <caom2:cd22>0.0375</caom2:cd22>
                      </caom2:function>
                    </caom2:axis>
                    <caom2:coordsys>ICRS</caom2:coordsys>
                  </caom2:position>
                  <caom2:energy>
                    <caom2:axis>
                      <caom2:axis>
                        <caom2:ctype>WAVE</caom2:ctype>
                        <caom2:cunit>m</caom2:cunit>
                      </caom2:axis>
                      <caom2:range>
                        <caom2:start>
                          <caom2:pix>0.5</caom2:pix>
                          <caom2:val>5.4e-07</caom2:val>
                        </caom2:start>
                        <caom2:end>
                          <caom2:pix>1.5</caom2:pix>
                          <caom2:val>7e-07</caom2:val>
                        </caom2:end>
                      </caom2:range>
                    </caom2:axis>
                    <caom2:specsys>TOPOCENT</caom2:specsys>
                    <caom2:bandpassName>Red</caom2:bandpassName>
                    <caom2:resolvingPower>3.8750000000000018</caom2:resolvingPower>
                  </caom2:energy>
                  <caom2:time>
                    <caom2:axis>
                      <caom2:axis>
                        <caom2:ctype>TIME</caom2:ctype>
                        <caom2:cunit>d</caom2:cunit>
                      </caom2:axis>
                      <caom2:range>
                        <caom2:start>
                          <caom2:pix>0.5</caom2:pix>
                          <caom2:val>58749.098852999974</caom2:val>
                        </caom2:start>
                        <caom2:end>
                          <caom2:pix>1.5</caom2:pix>
                          <caom2:val>58823.002466999926</caom2:val>
                        </caom2:end>
                      </caom2:range>
                    </caom2:axis>
                    <caom2:timesys>UTC</caom2:timesys>
                    <caom2:exposure>0.2</caom2:exposure>
                  </caom2:time>
                </caom2:chunk>
              </caom2:chunks>
            </caom2:part>
          </caom2:parts>
        </caom2:artifact>
        <caom2:artifact caom2:id="20b49252-419e-4954-9923-3b24901a4f39" caom2:metaProducer="brite2caom2/0.1.0">
          <caom2:uri>cadc:BRITE-Constellation/HD36486_48-OriTau-II-2019_BTr_1_5_A.rlogdb</caom2:uri>
          <caom2:productType>info</caom2:productType>
          <caom2:releaseType>data</caom2:releaseType>
          <caom2:contentType>text/plain</caom2:contentType>
          <caom2:contentLength>12398</caom2:contentLength>
          <caom2:contentChecksum>md5:fee1bc3269fc9a182877b4db83773080</caom2:contentChecksum>
          <caom2:parts>
            <caom2:part caom2:id="0bac0a34-93a9-45cb-a30e-a4ecf0e85ed4">
              <caom2:name>0</caom2:name>
              <caom2:chunks>
                <caom2:chunk caom2:id="2dd79db6-7c94-401e-8963-91c5d3667e01" caom2:metaProducer="brite2caom2/0.1.0">
                  <caom2:position>
                    <caom2:axis>
                      <caom2:axis1>
                        <caom2:ctype>RA---TAN</caom2:ctype>
                        <caom2:cunit>deg</caom2:cunit>
                      </caom2:axis1>
                      <caom2:axis2>
                        <caom2:ctype>DEC--TAN</caom2:ctype>
                        <caom2:cunit>deg</caom2:cunit>
                      </caom2:axis2>
                      <caom2:function>
                        <caom2:dimension>
                          <caom2:naxis1>1</caom2:naxis1>
                          <caom2:naxis2>1</caom2:naxis2>
                        </caom2:dimension>
                        <caom2:refCoord>
                          <caom2:coord1>
                            <caom2:pix>1.0</caom2:pix>
                            <caom2:val>83.001667056</caom2:val>
                          </caom2:coord1>
                          <caom2:coord2>
                            <caom2:pix>1.0</caom2:pix>
                            <caom2:val>-0.299095107</caom2:val>
                          </caom2:coord2>
                        </caom2:refCoord>
                        <caom2:cd11>0.0375</caom2:cd11>
                        <caom2:cd12>0.0</caom2:cd12>
                        <caom2:cd21>0.0</caom2:cd21>
                        <caom2:cd22>0.0375</caom2:cd22>
                      </caom2:function>
                    </caom2:axis>
                    <caom2:coordsys>ICRS</caom2:coordsys>
                  </caom2:position>
                  <caom2:energy>
                    <caom2:axis>
                      <caom2:axis>
                        <caom2:ctype>WAVE</caom2:ctype>
                        <caom2:cunit>m</caom2:cunit>
                      </caom2:axis>
                      <caom2:range>
                        <caom2:start>
                          <caom2:pix>0.5</caom2:pix>
                          <caom2:val>5.4e-07</caom2:val>
                        </caom2:start>
                        <caom2:end>
                          <caom2:pix>1.5</caom2:pix>
                          <caom2:val>7e-07</caom2:val>
                        </caom2:end>
                      </caom2:range>
                    </caom2:axis>
                    <caom2:specsys>TOPOCENT</caom2:specsys>
                    <caom2:bandpassName>Red</caom2:bandpassName>
                    <caom2:resolvingPower>3.8750000000000018</caom2:resolvingPower>
                  </caom2:energy>
                  <caom2:time>
                    <caom2:axis>
                      <caom2:axis>
                        <caom2:ctype>TIME</caom2:ctype>
                        <caom2:cunit>d</caom2:cunit>
                      </caom2:axis>
                      <caom2:range>
                        <caom2:start>
                          <caom2:pix>0.5</caom2:pix>
                          <caom2:val>58749.098852999974</caom2:val>
                        </caom2:start>
                        <caom2:end>
                          <caom2:pix>1.5</caom2:pix>
                          <caom2:val>58823.002466999926</caom2:val>
                        </caom2:end>
                      </caom2:range>
                    </caom2:axis>
                    <caom2:timesys>UTC</caom2:timesys>
                    <caom2:exposure>0.2</caom2:exposure>
                  </caom2:time>
                </caom2:chunk>
              </caom2:chunks>
            </caom2:part>
          </caom2:parts>
        </caom2:artifact>
        <caom2:artifact caom2:id="389cfc02-1241-42c0-a71d-cbcf76f6a3ee" caom2:metaProducer="brite2caom2/0.1.0">
          <caom2:uri>cadc:BRITE-Constellation/HD36486_48-OriTau-II-2019_BTr_1_5_A.orig</caom2:uri>
          <caom2:productType>science</caom2:productType>
          <caom2:releaseType>data</caom2:releaseType>
          <caom2:contentType>text/plain</caom2:contentType>
          <caom2:contentLength>3054534</caom2:contentLength>
          <caom2:contentChecksum>md5:e8ba7f6add2086213647f98039369361</caom2:contentChecksum>
          <caom2:parts>
            <caom2:part caom2:id="ae7438c6-2713-4053-8056-ff8979c23274">
              <caom2:name>0</caom2:name>
              <caom2:chunks>
                <caom2:chunk caom2:id="0e28141a-24a1-4c12-983e-1842d8bf2a0f" caom2:metaProducer="brite2caom2/0.1.0">
                  <caom2:position>
                    <caom2:axis>
                      <caom2:axis1>
                        <caom2:ctype>RA---TAN</caom2:ctype>
                        <caom2:cunit>deg</caom2:cunit>
                      </caom2:axis1>
                      <caom2:axis2>
                        <caom2:ctype>DEC--TAN</caom2:ctype>
                        <caom2:cunit>deg</caom2:cunit>
                      </caom2:axis2>
                      <caom2:function>
                        <caom2:dimension>
                          <caom2:naxis1>1</caom2:naxis1>
                          <caom2:naxis2>1</caom2:naxis2>
                        </caom2:dimension>
                        <caom2:refCoord>
                          <caom2:coord1>
                            <caom2:pix>1.0</caom2:pix>
                            <caom2:val>83.001667056</caom2:val>
                          </caom2:coord1>
                          <caom2:coord2>
                            <caom2:pix>1.0</caom2:pix>
                            <caom2:val>-0.299095107</caom2:val>
                          </caom2:coord2>
                        </caom2:refCoord>
                        <caom2:cd11>0.0375</caom2:cd11>
                        <caom2:cd12>0.0</caom2:cd12>
                        <caom2:cd21>0.0</caom2:cd21>
                        <caom2:cd22>0.0375</caom2:cd22>
                      </caom2:function>
                    </caom2:axis>
                    <caom2:coordsys>ICRS</caom2:coordsys>
                  </caom2:position>
                  <caom2:energy>
                    <caom2:axis>
                      <caom2:axis>
                        <caom2:ctype>WAVE</caom2:ctype>
                        <caom2:cunit>m</caom2:cunit>
                      </caom2:axis>
                      <caom2:range>
                        <caom2:start>
                          <caom2:pix>0.5</caom2:pix>
                          <caom2:val>5.4e-07</caom2:val>
                        </caom2:start>
                        <caom2:end>
                          <caom2:pix>1.5</caom2:pix>
                          <caom2:val>7e-07</caom2:val>
                        </caom2:end>
                      </caom2:range>
                    </caom2:axis>
                    <caom2:specsys>TOPOCENT</caom2:specsys>
                    <caom2:bandpassName>Red</caom2:bandpassName>
                    <caom2:resolvingPower>3.8750000000000018</caom2:resolvingPower>
                  </caom2:energy>
                  <caom2:time>
                    <caom2:axis>
                      <caom2:axis>
                        <caom2:ctype>TIME</caom2:ctype>
                        <caom2:cunit>d</caom2:cunit>
                      </caom2:axis>
                      <caom2:range>
                        <caom2:start>
                          <caom2:pix>0.5</caom2:pix>
                          <caom2:val>58749.09730299981</caom2:val>
                        </caom2:start>
                        <caom2:end>
                          <caom2:pix>1.5</caom2:pix>
                          <caom2:val>58823.06430299999</caom2:val>
                        </caom2:end>
                      </caom2:range>
                    </caom2:axis>
                    <caom2:timesys>UTC</caom2:timesys>
                    <caom2:exposure>0.2</caom2:exposure>
                  </caom2:time>
                </caom2:chunk>
              </caom2:chunks>
            </caom2:part>
          </caom2:parts>
        </caom2:artifact>
      </caom2:artifacts>
    </caom2:plane>
  </caom2:planes>
</caom2:Observation>
