<?xml version='1.0' encoding='UTF-8'?>
<caom2:Observation xmlns:caom2="http://www.opencadc.org/caom2/xml/v2.4" xmlns:xsi="http://www.w3.org/2001/XMLSchema-instance" xsi:type="caom2:SimpleObservation" caom2:id="d2184087-9edd-4ec0-a913-25f164500e76" caom2:metaProducer="brite2caom2/0.1.0">
  <caom2:collection>BRITE-Constellation</caom2:collection>
  <caom2:observationID>HD36486_59-Ori-VII-2020_BAb_1_5_A</caom2:observationID>
  <caom2:metaRelease>2022-10-26T20:28:35.155</caom2:metaRelease>
  <caom2:algorithm>
    <caom2:name>exposure</caom2:name>
  </caom2:algorithm>
  <caom2:type>object</caom2:type>
  <caom2:intent>science</caom2:intent>
  <caom2:target>
    <caom2:name>HD36486</caom2:name>
    <caom2:standard>false</caom2:standard>
  </caom2:target>
  <caom2:telescope>
    <caom2:name>BRITE-AUSTRIA</caom2:name>
  </caom2:telescope>
  <caom2:instrument>
    <caom2:name>BRITE-AUSTRIA</caom2:name>
  </caom2:instrument>
  <caom2:planes>
    <caom2:plane caom2:id="c1dbdc9e-371f-4f08-a43c-5b414ea671bd" caom2:metaProducer="brite2caom2/0.1.0">
      <caom2:productID>timeseries</caom2:productID>
      <caom2:metaRelease>2022-10-26T20:28:35.155</caom2:metaRelease>
      <caom2:dataRelease>2022-10-26T20:28:35.155</caom2:dataRelease>
      <caom2:dataProductType>timeseries</caom2:dataProductType>
      <caom2:calibrationLevel>2</caom2:calibrationLevel>
      <caom2:provenance>
        <caom2:name>BRITE Specific Aperture Photometry - chopping mode</caom2:name>
        <caom2:version>APa3s2chop</caom2:version>
        <caom2:project>BRITE-Constellation Nano-Satellites for Astrophysics</caom2:project>
        <caom2:producer>Adam Popowicz&lt;Adam.Popowicz@polsl.pl&gt;</caom2:producer>
        <caom2:runID>DR5</caom2:runID>
        <caom2:reference>http://brite-wiki.astro.uni.wroc.pl/bwiki/doku.php?id=start</caom2:reference>
      </caom2:provenance>
      <caom2:artifacts>
        <caom2:artifact caom2:id="d1d79630-7794-4f72-a022-2c9ba1ec41f6" caom2:metaProducer="brite2caom2/0.1.0">
          <caom2:uri>cadc:BRITE-Constellation/HD36486_59-Ori-VII-2020_BAb_1_5_A.avedb</caom2:uri>
          <caom2:productType>science</caom2:productType>
          <caom2:releaseType>data</caom2:releaseType>
          <caom2:contentType>text/plain</caom2:contentType>
          <caom2:contentLength>19712</caom2:contentLength>
          <caom2:contentChecksum>md5:2bcc3bf1f3a966ea7e62ad01d4ebf638</caom2:contentChecksum>
          <caom2:parts>
            <caom2:part caom2:id="102f5aad-b712-4e71-ad0d-5fada776e696">
              <caom2:name>0</caom2:name>
              <caom2:chunks>
                <caom2:chunk caom2:id="0f7d2ecd-264d-4931-b2ad-818ff5413320" caom2:metaProducer="brite2caom2/0.1.0">
                  <caom2:position>
                    <caom2:axis>
                      <caom2:axis1>
                        <caom2:ctype>RA---TAN</caom2:ctype>
                        <caom2:cunit>deg</caom2:cunit>
                      </caom2:axis1>
                      <caom2:axis2>
                        <caom2:ctype>DEC--TAN</caom2:ctype>
                        <caom2:cunit>deg</caom2:cunit>
                      </caom2:axis2>
                      <caom2:function>
                        <caom2:dimension>
                          <caom2:naxis1>1</caom2:naxis1>
                          <caom2:naxis2>1</caom2:naxis2>
                        </caom2:dimension>
                        <caom2:refCoord>
                          <caom2:coord1>
                            <caom2:pix>1.0</caom2:pix>
                            <caom2:val>83.001667056</caom2:val>
                          </caom2:coord1>
                          <caom2:coord2>
                            <caom2:pix>1.0</caom2:pix>
                            <caom2:val>-0.299095107</caom2:val>
                          </caom2:coord2>
                        </caom2:refCoord>
                        <caom2:cd11>0.0375</caom2:cd11>
                        <caom2:cd12>0.0</caom2:cd12>
                        <caom2:cd21>0.0</caom2:cd21>
                        <caom2:cd22>0.0375</caom2:cd22>
                      </caom2:function>
                    </caom2:axis>
                    <caom2:coordsys>ICRS</caom2:coordsys>
                  </caom2:position>
                  <caom2:energy>
                    <caom2:axis>
                      <caom2:axis>
                        <caom2:ctype>WAVE</caom2:ctype>
                        <caom2:cunit>m</caom2:cunit>
                      </caom2:axis>
                      <caom2:range>
                        <caom2:start>
                          <caom2:pix>0.5</caom2:pix>
                          <caom2:val>3.8999999999999997e-07</caom2:val>
                        </caom2:start>
                        <caom2:end>
                          <caom2:pix>1.5</caom2:pix>
                          <caom2:val>4.6e-07</caom2:val>
                        </caom2:end>
                      </caom2:range>
                    </caom2:axis>
                    <caom2:specsys>TOPOCENT</caom2:specsys>
                    <caom2:bandpassName>Blue</caom2:bandpassName>
                    <caom2:resolvingPower>6.071428571428571</caom2:resolvingPower>
                  </caom2:energy>
                  <caom2:time>
                    <caom2:axis>
                      <caom2:axis>
                        <caom2:ctype>TIME</caom2:ctype>
                        <caom2:cunit>d</caom2:cunit>
                      </caom2:axis>
                      <caom2:range>
                        <caom2:start>
                          <caom2:pix>0.5</caom2:pix>
                          <caom2:val>59111.74470099993</caom2:val>
                        </caom2:start>
                        <caom2:end>
                          <caom2:pix>1.5</caom2:pix>
                          <caom2:val>59255.61920899991</caom2:val>
                        </caom2:end>
                      </caom2:range>
                    </caom2:axis>
                    <caom2:timesys>UTC</caom2:timesys>
                    <caom2:exposure>1.0</caom2:exposure>
                  </caom2:time>
                </caom2:chunk>
              </caom2:chunks>
            </caom2:part>
          </caom2:parts>
        </caom2:artifact>
        <caom2:artifact caom2:id="6697e36f-0894-43b3-aa14-3a7b18a116c7" caom2:metaProducer="brite2caom2/0.1.0">
          <caom2:uri>cadc:BRITE-Constellation/HD36486_59-Ori-VII-2020_BAb_1_5_A.freq0db</caom2:uri>
          <caom2:productType>info</caom2:productType>
          <caom2:releaseType>data</caom2:releaseType>
          <caom2:contentType>text/plain</caom2:contentType>
          <caom2:contentLength>1819</caom2:contentLength>
          <caom2:contentChecksum>md5:5770f6ab5059c1bd49e2b21014e3ba11</caom2:contentChecksum>
          <caom2:parts>
            <caom2:part caom2:id="73b89a4a-56dc-41ad-8e71-7191c66ac9c2">
              <caom2:name>0</caom2:name>
              <caom2:chunks>
                <caom2:chunk caom2:id="42695a12-3258-45d2-82bc-e4ef3ddd678e" caom2:metaProducer="brite2caom2/0.1.0">
                  <caom2:position>
                    <caom2:axis>
                      <caom2:axis1>
                        <caom2:ctype>RA---TAN</caom2:ctype>
                        <caom2:cunit>deg</caom2:cunit>
                      </caom2:axis1>
                      <caom2:axis2>
                        <caom2:ctype>DEC--TAN</caom2:ctype>
                        <caom2:cunit>deg</caom2:cunit>
                      </caom2:axis2>
                      <caom2:function>
                        <caom2:dimension>
                          <caom2:naxis1>1</caom2:naxis1>
                          <caom2:naxis2>1</caom2:naxis2>
                        </caom2:dimension>
                        <caom2:refCoord>
                          <caom2:coord1>
                            <caom2:pix>1.0</caom2:pix>
                            <caom2:val>83.001667056</caom2:val>
                          </caom2:coord1>
                          <caom2:coord2>
                            <caom2:pix>1.0</caom2:pix>
                            <caom2:val>-0.299095107</caom2:val>
                          </caom2:coord2>
                        </caom2:refCoord>
                        <caom2:cd11>0.0375</caom2:cd11>
                        <caom2:cd12>0.0</caom2:cd12>
                        <caom2:cd21>0.0</caom2:cd21>
                        <caom2:cd22>0.0375</caom2:cd22>
                      </caom2:function>
                    </caom2:axis>
                    <caom2:coordsys>ICRS</caom2:coordsys>
                  </caom2:position>
                  <caom2:energy>
                    <caom2:axis>
                      <caom2:axis>
                        <caom2:ctype>WAVE</caom2:ctype>
                        <caom2:cunit>m</caom2:cunit>
                      </caom2:axis>
                      <caom2:range>
                        <caom2:start>
                          <caom2:pix>0.5</caom2:pix>
                          <caom2:val>3.8999999999999997e-07</caom2:val>
                        </caom2:start>
                        <caom2:end>
                          <caom2:pix>1.5</caom2:pix>
                          <caom2:val>4.6e-07</caom2:val>
                        </caom2:end>
                      </caom2:range>
                    </caom2:axis>
                    <caom2:specsys>TOPOCENT</caom2:specsys>
                    <caom2:bandpassName>Blue</caom2:bandpassName>
                    <caom2:resolvingPower>6.071428571428571</caom2:resolvingPower>
                  </caom2:energy>
                  <caom2:time>
                    <caom2:axis>
                      <caom2:axis>
                        <caom2:ctype>TIME</caom2:ctype>
                        <caom2:cunit>d</caom2:cunit>
                      </caom2:axis>
                      <caom2:range>
                        <caom2:start>
                          <caom2:pix>0.5</caom2:pix>
                          <caom2:val>59111.74470099993</caom2:val>
                        </caom2:start>
                        <caom2:end>
                          <caom2:pix>1.5</caom2:pix>
                          <caom2:val>59255.61920899991</caom2:val>
                        </caom2:end>
                      </caom2:range>
                    </caom2:axis>
                    <caom2:timesys>UTC</caom2:timesys>
                    <caom2:exposure>1.0</caom2:exposure>
                  </caom2:time>
                </caom2:chunk>
              </caom2:chunks>
            </caom2:part>
          </caom2:parts>
        </caom2:artifact>
        <caom2:artifact caom2:id="33985c1d-5a0f-4a96-8b40-47e0b673c038" caom2:metaProducer="brite2caom2/0.1.0">
          <caom2:uri>cadc:BRITE-Constellation/HD36486_59-Ori-VII-2020_BAb_1_5_A.ndatdb</caom2:uri>
          <caom2:productType>science</caom2:productType>
          <caom2:releaseType>data</caom2:releaseType>
          <caom2:contentType>text/plain</caom2:contentType>
          <caom2:contentLength>222449</caom2:contentLength>
          <caom2:contentChecksum>md5:1b143e5d4e2e86f81bff751d5f491a3f</caom2:contentChecksum>
          <caom2:parts>
            <caom2:part caom2:id="6171a00e-8a90-4675-b5ad-fc2cbc5d9627">
              <caom2:name>0</caom2:name>
              <caom2:chunks>
                <caom2:chunk caom2:id="dbe87083-41f4-4ede-b19d-dc3e229a2112" caom2:metaProducer="brite2caom2/0.1.0">
                  <caom2:position>
                    <caom2:axis>
                      <caom2:axis1>
                        <caom2:ctype>RA---TAN</caom2:ctype>
                        <caom2:cunit>deg</caom2:cunit>
                      </caom2:axis1>
                      <caom2:axis2>
                        <caom2:ctype>DEC--TAN</caom2:ctype>
                        <caom2:cunit>deg</caom2:cunit>
                      </caom2:axis2>
                      <caom2:function>
                        <caom2:dimension>
                          <caom2:naxis1>1</caom2:naxis1>
                          <caom2:naxis2>1</caom2:naxis2>
                        </caom2:dimension>
                        <caom2:refCoord>
                          <caom2:coord1>
                            <caom2:pix>1.0</caom2:pix>
                            <caom2:val>83.001667056</caom2:val>
                          </caom2:coord1>
                          <caom2:coord2>
                            <caom2:pix>1.0</caom2:pix>
                            <caom2:val>-0.299095107</caom2:val>
                          </caom2:coord2>
                        </caom2:refCoord>
                        <caom2:cd11>0.0375</caom2:cd11>
                        <caom2:cd12>0.0</caom2:cd12>
                        <caom2:cd21>0.0</caom2:cd21>
                        <caom2:cd22>0.0375</caom2:cd22>
                      </caom2:function>
                    </caom2:axis>
                    <caom2:coordsys>ICRS</caom2:coordsys>
                  </caom2:position>
                  <caom2:energy>
                    <caom2:axis>
                      <caom2:axis>
                        <caom2:ctype>WAVE</caom2:ctype>
                        <caom2:cunit>m</caom2:cunit>
                      </caom2:axis>
                      <caom2:range>
                        <caom2:start>
                          <caom2:pix>0.5</caom2:pix>
                          <caom2:val>3.8999999999999997e-07</caom2:val>
                        </caom2:start>
                        <caom2:end>
                          <caom2:pix>1.5</caom2:pix>
                          <caom2:val>4.6e-07</caom2:val>
                        </caom2:end>
                      </caom2:range>
                    </caom2:axis>
                    <caom2:specsys>TOPOCENT</caom2:specsys>
                    <caom2:bandpassName>Blue</caom2:bandpassName>
                    <caom2:resolvingPower>6.071428571428571</caom2:resolvingPower>
                  </caom2:energy>
                  <caom2:time>
                    <caom2:axis>
                      <caom2:axis>
                        <caom2:ctype>TIME</caom2:ctype>
                        <caom2:cunit>d</caom2:cunit>
                      </caom2:axis>
                      <caom2:range>
                        <caom2:start>
                          <caom2:pix>0.5</caom2:pix>
                          <caom2:val>59111.74470099993</caom2:val>
                        </caom2:start>
                        <caom2:end>
                          <caom2:pix>1.5</caom2:pix>
                          <caom2:val>59255.61920899991</caom2:val>
                        </caom2:end>
                      </caom2:range>
                    </caom2:axis>
                    <caom2:timesys>UTC</caom2:timesys>
                    <caom2:exposure>1.0</caom2:exposure>
                  </caom2:time>
                </caom2:chunk>
              </caom2:chunks>
            </caom2:part>
          </caom2:parts>
        </caom2:artifact>
        <caom2:artifact caom2:id="d6c3d4e5-4ffa-49e1-aa95-b01071915860" caom2:metaProducer="brite2caom2/0.1.0">
          <caom2:uri>cadc:BRITE-Constellation/HD36486_59-Ori-VII-2020_BAb_1_5_A.rlogdb</caom2:uri>
          <caom2:productType>info</caom2:productType>
          <caom2:releaseType>data</caom2:releaseType>
          <caom2:contentType>text/plain</caom2:contentType>
          <caom2:contentLength>4355</caom2:contentLength>
          <caom2:contentChecksum>md5:bcfe8ede4e70da2d4792caf182d9dc8a</caom2:contentChecksum>
          <caom2:parts>
            <caom2:part caom2:id="1d8c7217-f635-43c8-812d-f702d31210c2">
              <caom2:name>0</caom2:name>
              <caom2:chunks>
                <caom2:chunk caom2:id="85e2eff3-1b2b-48fe-8770-15a8f4e85805" caom2:metaProducer="brite2caom2/0.1.0">
                  <caom2:position>
                    <caom2:axis>
                      <caom2:axis1>
                        <caom2:ctype>RA---TAN</caom2:ctype>
                        <caom2:cunit>deg</caom2:cunit>
                      </caom2:axis1>
                      <caom2:axis2>
                        <caom2:ctype>DEC--TAN</caom2:ctype>
                        <caom2:cunit>deg</caom2:cunit>
                      </caom2:axis2>
                      <caom2:function>
                        <caom2:dimension>
                          <caom2:naxis1>1</caom2:naxis1>
                          <caom2:naxis2>1</caom2:naxis2>
                        </caom2:dimension>
                        <caom2:refCoord>
                          <caom2:coord1>
                            <caom2:pix>1.0</caom2:pix>
                            <caom2:val>83.001667056</caom2:val>
                          </caom2:coord1>
                          <caom2:coord2>
                            <caom2:pix>1.0</caom2:pix>
                            <caom2:val>-0.299095107</caom2:val>
                          </caom2:coord2>
                        </caom2:refCoord>
                        <caom2:cd11>0.0375</caom2:cd11>
                        <caom2:cd12>0.0</caom2:cd12>
                        <caom2:cd21>0.0</caom2:cd21>
                        <caom2:cd22>0.0375</caom2:cd22>
                      </caom2:function>
                    </caom2:axis>
                    <caom2:coordsys>ICRS</caom2:coordsys>
                  </caom2:position>
                  <caom2:energy>
                    <caom2:axis>
                      <caom2:axis>
                        <caom2:ctype>WAVE</caom2:ctype>
                        <caom2:cunit>m</caom2:cunit>
                      </caom2:axis>
                      <caom2:range>
                        <caom2:start>
                          <caom2:pix>0.5</caom2:pix>
                          <caom2:val>3.8999999999999997e-07</caom2:val>
                        </caom2:start>
                        <caom2:end>
                          <caom2:pix>1.5</caom2:pix>
                          <caom2:val>4.6e-07</caom2:val>
                        </caom2:end>
                      </caom2:range>
                    </caom2:axis>
                    <caom2:specsys>TOPOCENT</caom2:specsys>
                    <caom2:bandpassName>Blue</caom2:bandpassName>
                    <caom2:resolvingPower>6.071428571428571</caom2:resolvingPower>
                  </caom2:energy>
                  <caom2:time>
                    <caom2:axis>
                      <caom2:axis>
                        <caom2:ctype>TIME</caom2:ctype>
                        <caom2:cunit>d</caom2:cunit>
                      </caom2:axis>
                      <caom2:range>
                        <caom2:start>
                          <caom2:pix>0.5</caom2:pix>
                          <caom2:val>59111.74470099993</caom2:val>
                        </caom2:start>
                        <caom2:end>
                          <caom2:pix>1.5</caom2:pix>
                          <caom2:val>59255.61920899991</caom2:val>
                        </caom2:end>
                      </caom2:range>
                    </caom2:axis>
                    <caom2:timesys>UTC</caom2:timesys>
                    <caom2:exposure>1.0</caom2:exposure>
                  </caom2:time>
                </caom2:chunk>
              </caom2:chunks>
            </caom2:part>
          </caom2:parts>
        </caom2:artifact>
        <caom2:artifact caom2:id="678dbe56-4277-4c4a-be78-292f0edf68ce" caom2:metaProducer="brite2caom2/0.1.0">
          <caom2:uri>cadc:BRITE-Constellation/HD36486_59-Ori-VII-2020_BAb_1_5_A.orig</caom2:uri>
          <caom2:productType>science</caom2:productType>
          <caom2:releaseType>data</caom2:releaseType>
          <caom2:contentType>text/plain</caom2:contentType>
          <caom2:contentLength>1240192</caom2:contentLength>
          <caom2:contentChecksum>md5:2b44f44c3e61f8a7c84e73f56d4ea877</caom2:contentChecksum>
          <caom2:parts>
            <caom2:part caom2:id="6fa1b14f-4664-4c81-a290-3a1c095cb57b">
              <caom2:name>0</caom2:name>
              <caom2:chunks>
                <caom2:chunk caom2:id="b96458a6-90a1-408b-81be-b770214e7a6c" caom2:metaProducer="brite2caom2/0.1.0">
                  <caom2:position>
                    <caom2:axis>
                      <caom2:axis1>
                        <caom2:ctype>RA---TAN</caom2:ctype>
                        <caom2:cunit>deg</caom2:cunit>
                      </caom2:axis1>
                      <caom2:axis2>
                        <caom2:ctype>DEC--TAN</caom2:ctype>
                        <caom2:cunit>deg</caom2:cunit>
                      </caom2:axis2>
                      <caom2:function>
                        <caom2:dimension>
                          <caom2:naxis1>1</caom2:naxis1>
                          <caom2:naxis2>1</caom2:naxis2>
                        </caom2:dimension>
                        <caom2:refCoord>
                          <caom2:coord1>
                            <caom2:pix>1.0</caom2:pix>
                            <caom2:val>83.001667056</caom2:val>
                          </caom2:coord1>
                          <caom2:coord2>
                            <caom2:pix>1.0</caom2:pix>
                            <caom2:val>-0.299095107</caom2:val>
                          </caom2:coord2>
                        </caom2:refCoord>
                        <caom2:cd11>0.0375</caom2:cd11>
                        <caom2:cd12>0.0</caom2:cd12>
                        <caom2:cd21>0.0</caom2:cd21>
                        <caom2:cd22>0.0375</caom2:cd22>
                      </caom2:function>
                    </caom2:axis>
                    <caom2:coordsys>ICRS</caom2:coordsys>
                  </caom2:position>
                  <caom2:energy>
                    <caom2:axis>
                      <caom2:axis>
                        <caom2:ctype>WAVE</caom2:ctype>
                        <caom2:cunit>m</caom2:cunit>
                      </caom2:axis>
                      <caom2:range>
                        <caom2:start>
                          <caom2:pix>0.5</caom2:pix>
                          <caom2:val>3.8999999999999997e-07</caom2:val>
                        </caom2:start>
                        <caom2:end>
                          <caom2:pix>1.5</caom2:pix>
                          <caom2:val>4.6e-07</caom2:val>
                        </caom2:end>
                      </caom2:range>
                    </caom2:axis>
                    <caom2:specsys>TOPOCENT</caom2:specsys>
                    <caom2:bandpassName>Blue</caom2:bandpassName>
                    <caom2:resolvingPower>6.071428571428571</caom2:resolvingPower>
                  </caom2:energy>
                  <caom2:time>
                    <caom2:axis>
                      <caom2:axis>
                        <caom2:ctype>TIME</caom2:ctype>
                        <caom2:cunit>d</caom2:cunit>
                      </caom2:axis>
                      <caom2:range>
                        <caom2:start>
                          <caom2:pix>0.5</caom2:pix>
                          <caom2:val>59110.83762799995</caom2:val>
                        </caom2:start>
                        <caom2:end>
                          <caom2:pix>1.5</caom2:pix>
                          <caom2:val>59255.619117999915</caom2:val>
                        </caom2:end>
                      </caom2:range>
                    </caom2:axis>
                    <caom2:timesys>UTC</caom2:timesys>
                    <caom2:exposure>1.0</caom2:exposure>
                  </caom2:time>
                </caom2:chunk>
              </caom2:chunks>
            </caom2:part>
          </caom2:parts>
        </caom2:artifact>
      </caom2:artifacts>
    </caom2:plane>
  </caom2:planes>
</caom2:Observation>
